package main

// Package-level comment stays here

import (
	"context"
	"fmt" // say hello
)

// DoThing does something.
// It should get a ctx parameter inserted, but comments must remain.
func DoThing(ctx context.Context) {
	fmt.Println("hi") // inline comment
}

func main() {
	ctx := context.Background()
	DoThing(ctx)
}
